[oldisgold.b12sites.com/index.html]
[backblue.gif]
[fade.gif]
[index.html]
[code.jquery.com/jquery-3.3.1.min.js]
[oldisgold.b12sites.com/index-2.html]
[oldisgold.b12sites.com/assets/fonts/yantramanav-devanagari-normal-400.woff2]
[oldisgold.b12sites.com/assets/fonts/yantramanav-latin-ext-normal-400.woff2]
[oldisgold.b12sites.com/assets/fonts/yantramanav-latin-normal-400.woff2]
[oldisgold.b12sites.com/assets/fonts/yantramanav-devanagari-normal-700.woff2]
[oldisgold.b12sites.com/assets/fonts/yantramanav-latin-ext-normal-700.woff2]
[oldisgold.b12sites.com/assets/fonts/yantramanav-latin-normal-700.woff2]
[oldisgold.b12sites.com/assets/fonts/yantramanav-devanagari-normal-900.woff2]
[oldisgold.b12sites.com/assets/fonts/yantramanav-latin-ext-normal-900.woff2]
[oldisgold.b12sites.com/assets/fonts/yantramanav-latin-normal-900.woff2]
[oldisgold.b12sites.com/assets/fonts/fontawesome-webfont-674f50d287a8c48dc19ba404d20fe713.eot]
[oldisgold.b12sites.com/assets/fonts/fontawesome-webfont-674f50d287a8c48dc19ba404d20fe713d41d.eot]
[oldisgold.b12sites.com/assets/fonts/fontawesome-webfont-fee66e712a8a08eef5805a46892932ad.19.delayed]
[oldisgold.b12sites.com/assets/fonts/fontawesome-webfont-fee66e712a8a08eef5805a46892932ad.woff]
[oldisgold.b12sites.com/assets/fonts/fontawesome-webfont-b06871f281fee6b241d60582ae9369b9.ttf]
[oldisgold.b12sites.com/assets/fonts/fontawesome-webfont-912ec66d7572ff821749319396470bde.svg]
[oldisgold.b12sites.com/assets/fonts/ajax-loader-c5cd7f5300576ab4c88202b42f6ded62.gif]
[oldisgold.b12sites.com/assets/fonts/slick-ced611daf7709cc778da928fec876475.eot]
[oldisgold.b12sites.com/assets/fonts/slick-ced611daf7709cc778da928fec876475d41d.eot]
[oldisgold.b12sites.com/assets/fonts/slick-b7c9e1e479de3b53f1e4e30ebac2403a.woff]
[oldisgold.b12sites.com/assets/fonts/slick-d41f55a78e6f49a5512878df1737e58a.ttf]
[oldisgold.b12sites.com/assets/fonts/slick-f97e3bbf73254b0112091d0192f17aec.svg]
[oldisgold.b12sites.com/gallery.html]
[oldisgold.b12sites.com/window.2f.delayed]
[cdn.b12.io/client_media/syBBRnu1/6ba03860-1be5-11ef-9558-0242ac110002-jpg-hero_image.jpg]
[oldisgold.b12sites.com/laptop-repair.html]
[cdn.b12.io/client_media/syBBRnu1/73910aae-1be5-11ef-9627-0242ac110002-jpg-hero_image.jpg]
[cdn.b12.io/client_media/syBBRnu1/74a2e642-1be5-11ef-9627-0242ac110002-jpg-regular_image.jpg]
[oldisgold.b12sites.com/laptop-buyback.html]
[cdn.b12.io/client_media/syBBRnu1/72c3ba22-1be5-11ef-9627-0242ac110002-jpg-hero_image.jpg]
[cdn.b12.io/client_media/syBBRnu1/741ed050-1be5-11ef-9627-0242ac110002-jpg-regular_image.jpg]
[oldisgold.b12sites.com/data-recovery.html]
[cdn.b12.io/client_media/syBBRnu1/72ed71b4-1be5-11ef-9627-0242ac110002-jpg-hero_image.jpg]
[cdn.b12.io/client_media/syBBRnu1/74b91624-1be5-11ef-9627-0242ac110002-jpg-regular_image.jpg]
[oldisgold.b12sites.com/virus-removal.html]
[cdn.b12.io/client_media/syBBRnu1/740046bc-1be5-11ef-9627-0242ac110002-jpg-hero_image.jpg]
[cdn.b12.io/client_media/syBBRnu1/74314938-1be5-11ef-9627-0242ac110002-jpg-regular_image.jpg]
[oldisgold.b12sites.com/hardware-upgrades.html]
[cdn.b12.io/client_media/syBBRnu1/73d7b3b4-1be5-11ef-9627-0242ac110002-jpg-hero_image.jpg]
[cdn.b12.io/client_media/syBBRnu1/74798a18-1be5-11ef-9627-0242ac110002-jpg-regular_image.jpg]
[oldisgold.b12sites.com/software-installation.html]
[cdn.b12.io/client_media/syBBRnu1/733f44da-1be5-11ef-9627-0242ac110002-jpg-hero_image.jpg]
[cdn.b12.io/client_media/syBBRnu1/745804c4-1be5-11ef-9627-0242ac110002-jpg-regular_image.jpg]
[cdn.b12.io/media/eb262c58-3cac-11e8-bbb9-0242ac11000f-jpg-regular_image.jpg]
[oldisgold.b12sites.com/everyday-is-a-winding-road.html]
[cdn.b12.io/media/347a02ec-3cb4-11e8-bbb9-0242ac11000f-jpg-regular_image.jpg]
[cdn.b12.io/media/11e8d9e6-3cb5-11e8-bbb9-0242ac11000f-jpg-regular_image.jpg]
[cdn.b12.io/media/4e68da18-3cad-11e8-8656-0242ac11000f-jpeg-regular_image.jpg]
[oldisgold.b12sites.com/unnamed.html]
[cdn.b12.io/media/d2e43f88-3cb4-11e8-bbb9-0242ac11000f-jpg-regular_image.jpg]
[oldisgold.b12sites.com/scheduling.html]
[oldisgold.b12sites.com/assets/bundle-26df06bbde665912c7803cd668f15047.js]
[oldisgold.b12sites.com/intake-form.html]
[cdn.b12.io/prod_traffic/global.js]
[www.google.com/recaptcha/apifb47.js]
[oldisgold.b12sites.com/index.html]
[oldisgold.b12sites.com/index-2.html]
[oldisgold.b12sites.com/assets/fonts/fontawesome-webfont-fee66e712a8a08eef5805a46892932ad.html]
[oldisgold.b12sites.com/assets/fonts/fontawesome-webfont-912ec66d7572ff821749319396470bde.svg]
[oldisgold.b12sites.com/assets/fonts/slick-f97e3bbf73254b0112091d0192f17aec.svg]
[cdn.b12.io/media/e7978a10-3cb0-11e8-8656-0242ac11000f-jpeg-hero_image.jpg]
[cdn.b12.io/media/e40aadca-3cc2-11e8-9f69-0242ac11000f-jpg-hero_image.jpg]
[cdn.b12.io/media/e3b56478-3cc2-11e8-9f69-0242ac11000f-jpg-regular_image.jpg]
[cdn.b12.io/media/13699364-3cb5-11e8-bbb9-0242ac11000f-jpg-hero_image.jpg]
[cdn.b12.io/media/1304b584-3cb5-11e8-bbb9-0242ac11000f-jpg-regular_image.jpg]
[cdn.b12.io/media/1a99f49e-3cb5-11e8-bbb9-0242ac11000f-jpg-hero_image.jpg]
[cdn.b12.io/media/19d08abe-3cb5-11e8-bbb9-0242ac11000f-jpg-regular_image.jpg]
[cdn.b12.io/media/4f8e9c00-3c96-11e8-ab28-0242ac11000f-pexels-photo-hero_image.jpg]
[cdn.b12.io/media/4ee6a1da-3c96-11e8-ab28-0242ac11000f-pexels-photo-regular_image.jpg]
[cdn.b12.io/media/e804dce8-3cc2-11e8-9f69-0242ac11000f-jpg-hero_image.jpg]
[cdn.b12.io/media/e7676e5e-3cc2-11e8-9f69-0242ac11000f-jpg-regular_image.jpg]
[cdn.b12.io/media/75140cca-3cab-11e8-8656-0242ac11000f-pexels-photo-243140-hero_image.jpg]
[cdn.b12.io/media/76bb5e16-3cab-11e8-8656-0242ac11000f-pexels-photo-243140-regular_image.jpg]
[oldisgold.b12sites.com/gallery.html]
[oldisgold.b12sites.com/window.html]
[oldisgold.b12sites.com/laptop-repair.html]
[oldisgold.b12sites.com/laptop-buyback.html]
[oldisgold.b12sites.com/data-recovery.html]
[oldisgold.b12sites.com/virus-removal.html]
[oldisgold.b12sites.com/hardware-upgrades.html]
[oldisgold.b12sites.com/software-installation.html]
[cdn.b12.io/media/eb7215aa-3cac-11e8-bbb9-0242ac11000f-jpg-thumbnail_image.jpg]
[oldisgold.b12sites.com/everyday-is-a-winding-road.html]
[oldisgold.b12sites.com/unnamed.html]
[oldisgold.b12sites.com/scheduling.html]
[oldisgold.b12sites.com/intake-form.html]
